Drill report for C:\Users\blakesd\OneDrive - Rose-Hulman Institute of Technology\Documents\Lobotomizer\Lobotomizer.kicad_pcb
Created on 1/1/2022 8:42:19 PM

Copper Layer Stackup:
    =============================================================
    L1 :  F.Cu                      front
    L2 :  B.Cu                      back


Drill file 'Lobotomizer-PTH.drl' contains
    plated through holes:
    =============================================================
    T1  0.400mm  0.0157"  (20 holes)
    T2  0.700mm  0.0276"  (2 holes)
    T3  0.750mm  0.0295"  (24 holes)
    T4  0.762mm  0.0300"  (6 holes)
    T5  0.800mm  0.0315"  (345 holes)
    T6  0.900mm  0.0354"  (4 holes)
    T7  1.000mm  0.0394"  (3 holes)  (with 3 slots)
    T8  1.100mm  0.0433"  (9 holes)
    T9  1.400mm  0.0551"  (8 holes)
    T10  1.500mm  0.0591"  (12 holes)

    Total plated holes count 433


Drill file 'Lobotomizer-NPTH.drl' contains
    unplated through holes:
    =============================================================
    T1  3.200mm  0.1260"  (4 holes)

    Total unplated holes count 4
